------------------------------------------------------------
Timing Analyzer Summary
------------------------------------------------------------

Type  : Slow 1100mV 85C Model Setup 'pclk2'
Slack : -11.599
TNS   : -4704.321

Type  : Slow 1100mV 85C Model Setup 'pclk'
Slack : -11.198
TNS   : -5010.988

Type  : Slow 1100mV 85C Model Setup 'm_clock'
Slack : -6.417
TNS   : -3006.824

Type  : Slow 1100mV 85C Model Hold 'm_clock'
Slack : 0.387
TNS   : 0.000

Type  : Slow 1100mV 85C Model Hold 'pclk2'
Slack : 1.538
TNS   : 0.000

Type  : Slow 1100mV 85C Model Hold 'pclk'
Slack : 1.560
TNS   : 0.000

Type  : Slow 1100mV 85C Model Minimum Pulse Width 'm_clock'
Slack : -2.636
TNS   : -2470.973

Type  : Slow 1100mV 85C Model Minimum Pulse Width 'pclk2'
Slack : -2.636
TNS   : -1939.595

Type  : Slow 1100mV 85C Model Minimum Pulse Width 'pclk'
Slack : -2.636
TNS   : -1935.715

Type  : Slow 1100mV 0C Model Setup 'pclk2'
Slack : -11.122
TNS   : -4506.435

Type  : Slow 1100mV 0C Model Setup 'pclk'
Slack : -10.660
TNS   : -4797.220

Type  : Slow 1100mV 0C Model Setup 'm_clock'
Slack : -6.431
TNS   : -3029.094

Type  : Slow 1100mV 0C Model Hold 'm_clock'
Slack : 0.363
TNS   : 0.000

Type  : Slow 1100mV 0C Model Hold 'pclk2'
Slack : 1.196
TNS   : 0.000

Type  : Slow 1100mV 0C Model Hold 'pclk'
Slack : 1.353
TNS   : 0.000

Type  : Slow 1100mV 0C Model Minimum Pulse Width 'm_clock'
Slack : -2.636
TNS   : -2480.152

Type  : Slow 1100mV 0C Model Minimum Pulse Width 'pclk2'
Slack : -2.636
TNS   : -1937.292

Type  : Slow 1100mV 0C Model Minimum Pulse Width 'pclk'
Slack : -2.636
TNS   : -1935.448

Type  : Fast 1100mV 85C Model Setup 'pclk'
Slack : -6.584
TNS   : -2881.528

Type  : Fast 1100mV 85C Model Setup 'pclk2'
Slack : -6.484
TNS   : -2679.622

Type  : Fast 1100mV 85C Model Setup 'm_clock'
Slack : -2.604
TNS   : -1022.785

Type  : Fast 1100mV 85C Model Hold 'm_clock'
Slack : 0.182
TNS   : 0.000

Type  : Fast 1100mV 85C Model Hold 'pclk2'
Slack : 1.133
TNS   : 0.000

Type  : Fast 1100mV 85C Model Hold 'pclk'
Slack : 1.229
TNS   : 0.000

Type  : Fast 1100mV 85C Model Minimum Pulse Width 'm_clock'
Slack : -2.174
TNS   : -1779.955

Type  : Fast 1100mV 85C Model Minimum Pulse Width 'pclk2'
Slack : -2.174
TNS   : -1567.474

Type  : Fast 1100mV 85C Model Minimum Pulse Width 'pclk'
Slack : -2.174
TNS   : -1564.793

Type  : Fast 1100mV 0C Model Setup 'pclk'
Slack : -5.513
TNS   : -2410.986

Type  : Fast 1100mV 0C Model Setup 'pclk2'
Slack : -5.455
TNS   : -2234.572

Type  : Fast 1100mV 0C Model Setup 'm_clock'
Slack : -2.262
TNS   : -877.138

Type  : Fast 1100mV 0C Model Hold 'm_clock'
Slack : 0.145
TNS   : 0.000

Type  : Fast 1100mV 0C Model Hold 'pclk2'
Slack : 0.755
TNS   : 0.000

Type  : Fast 1100mV 0C Model Hold 'pclk'
Slack : 0.849
TNS   : 0.000

Type  : Fast 1100mV 0C Model Minimum Pulse Width 'm_clock'
Slack : -2.174
TNS   : -1781.479

Type  : Fast 1100mV 0C Model Minimum Pulse Width 'pclk2'
Slack : -2.174
TNS   : -1566.068

Type  : Fast 1100mV 0C Model Minimum Pulse Width 'pclk'
Slack : -2.174
TNS   : -1564.017

------------------------------------------------------------
